
> cosmos-mapa-astral@1.0.0 build
> next build

  Ôû▓ Next.js 14.2.5

   Creating an optimized production build ...
node.exe : Failed to 
compile.
No linha:1 caractere:1
+ & "C:\Program 
Files\nodejs/node.exe" 
"C:\Program 
Files\nodejs/node_mo ...
+ ~~~~~~~~~~~~~~~~~~~~~~~~~
~~~~~~~~~~~~~~~~~~~~~~~~~~~
~~~~~~~~~~~~~~~~~
    + CategoryInfo         
     : NotSpecified: (Fai  
  led to compile.:String   
 ) [], RemoteException
    + FullyQualifiedErrorI 
   d : NativeCommandError
 

./app/horoscopo/page.tsx
Error: 
  [31mx[0m Expression 
expected
    ,-[[36;1;4mC:\Users\gu
sta\.gemini\antigravity\scr
atch\Cosmos-repo\app\horosc
opo\page.tsx[0m:80:1]
 [2m80[0m |   const 
elColor = selected ? 
EL_COLORS[selected.el] : 
'#c9a84c';
 [2m81[0m | 
 [2m82[0m |   return (
 [2m83[0m |     <>
    : [31;1m     ^[0m
 [2m84[0m |       
<style>{`
 [2m85[0m |         * { 
box-sizing: border-box; 
margin: 0; padding: 0; }
 [2m86[0m |         body 
{ background: #04050f; 
min-height: 100vh; }
    `----

  [31mx[0m Expected ',', 
got '{'
     ,-[[36;1;4mC:\Users\g
usta\.gemini\antigravity\sc
ratch\Cosmos-repo\app\horos
copo\page.tsx[0m:117:1]
 [2m117[0m |         }
 [2m118[0m |       
`}</style>
 [2m119[0m | 
 [2m120[0m |       {/* 
Stars */}
     : [31;1m      ^[0m
 [2m121[0m |       <svg 
style={{ position:'fixed',i
nset:0,width:'100%',height:
'100%',pointerEvents:'none'
,zIndex:0 }} aria-hidden>
 [2m122[0m |         
{STARS.map(s => <circle 
key={s.id} cx={`${s.x}%`} 
cy={`${s.y}%`} r={s.r} 
fill="#fff" opacity={s.op} 
/>)}
 [2m123[0m |       </svg>
     `----

Caused by:
    Syntax Error

Import trace for requested 
module:
./app/horoscopo/page.tsx


> Build failed because of 
webpack errors
